// Jest Snapshot v1, https://goo.gl/fbAQLP

exports[`Home should render the component correctly 1`] = `
<Memo(Page)>
  <p>
    Full stack developer, UX specialist and JavaScript enthusiast.
  </p>
  ß
  <p>
    Reach me at: 
    <Memo(Link)
      href="mailto:pete@cteic.ie"
      text="pete@cteic.ie"
    />
  </p>
  <footer>
    <SocialMedia />
  </footer>
</Memo(Page)>
`;
