// Jest Snapshot v1, https://goo.gl/fbAQLP

exports[`About should render the component correctly 1`] = `
<Memo(Page)>
  <nav>
    <ul>
      <li>
        <div
          onClick={[Function]}
          onKeyPress={[Function]}
          role="button"
          tabIndex="0"
        >
          <h4>
            Story
          </h4>
        </div>
      </li>
      <li>
        <div
          onClick={[Function]}
          onKeyPress={[Function]}
          role="button"
          tabIndex="0"
        >
          <h4>
            Work
          </h4>
        </div>
      </li>
      <li>
        <div
          onClick={[Function]}
          onKeyPress={[Function]}
          role="button"
          tabIndex="0"
        >
          <h4>
            Contact
          </h4>
        </div>
      </li>
      <li>
        <div
          onClick={[Function]}
          onKeyPress={[Function]}
          role="button"
          tabIndex="0"
        >
          <h4>
            Adventures
          </h4>
        </div>
      </li>
    </ul>
  </nav>
  <Story />
</Memo(Page)>
`;
