// Jest Snapshot v1, https://goo.gl/fbAQLP

exports[`Icon should render the component correctly 1`] = `
<a
  aria-label="faTwitter"
  href="#"
  onClick={null}
  rel="noopener noreferrer"
  target="_blank"
  title="FaTwitter"
>
  <FontAwesomeIcon
    border={false}
    className=""
    fixedWidth={false}
    flip={null}
    icon={null}
    inverse={false}
    listItem={false}
    mask={null}
    pull={null}
    pulse={false}
    rotation={null}
    size={null}
    spin={false}
    swapOpacity={false}
    symbol={false}
    title=""
    transform={null}
  />
</a>
`;
